------------------------------------------------------------------
-- PXF read test
------------------------------------------------------------------
SELECT * from pxf_read_test order by a;
       a        |   b    |   c
----------------+--------+--------
 fragment1 row1 | value1 | value2
 fragment1 row2 | value1 | value2
 fragment2 row1 | value1 | value2
 fragment2 row2 | value1 | value2
 fragment3 row1 | value1 | value2
 fragment3 row2 | value1 | value2
(6 rows)

SELECT * from pxf_readcustom_test order by a;
       a        |   b    |   c
----------------+--------+--------
 fragment1 row1 | value1 | value2
 fragment1 row2 | value1 | value2
 fragment2 row1 | value1 | value2
 fragment2 row2 | value1 | value2
 fragment3 row1 | value1 | value2
 fragment3 row2 | value1 | value2
(6 rows)

